// Jest Snapshot v1, https://goo.gl/fbAQLP

exports[`Render of Switch with mandatory props Should match snapshot 1`] = `
<View
  style={
    Array [
      Object {
        "alignItems": "center",
        "flexDirection": "row",
      },
    ]
  }
>
  <View
    accessible={true}
    focusable={true}
    onClick={[Function]}
    onResponderGrant={[Function]}
    onResponderMove={[Function]}
    onResponderRelease={[Function]}
    onResponderTerminate={[Function]}
    onResponderTerminationRequest={[Function]}
    onStartShouldSetResponder={[Function]}
  >
    <View
      isEnabled={false}
      style={
        Array [
          Object {
            "alignItems": "flex-start",
            "backgroundColor": "#EEEEEE",
            "borderRadius": 32,
            "height": 36,
            "justifyContent": "center",
            "width": 52,
          },
        ]
      }
      variant="primary"
    >
      <View
        isEnabled={false}
        style={
          Array [
            Object {
              "backgroundColor": "#878A8F",
              "borderRadius": 12,
              "height": 24,
              "marginLeft": 6,
              "marginRight": 6,
              "width": 24,
            },
          ]
        }
        variant="primary"
      />
    </View>
  </View>
</View>
`;
